// Jest Snapshot v1, https://goo.gl/fbAQLP

exports[`The <Button /> component should match snapshot 1`] = `
<DocumentFragment>
  <button
    class="btn"
    style="width: inherit; height: inherit;"
    type="submit"
  >
    <div>
      Submit
    </div>
  </button>
</DocumentFragment>
`;
